07:27 LemoNakiss: sdf
07:30 LemoNakiss: est
07:43 LemoNakiss: ser
07:48 LemoNakiss: sdf
07:50 LemoNakiss: sxcfv
07:52 LemoNakiss: se
07:52 LemoNakiss: sdf
07:53 LemoNakiss: sdf
07:59 LemoNakiss: sdf
07:59 LemoNakiss: sdf
08:02 LemoNakiss: sdf
08:04 LemoNakiss: rsdf
08:04 LemoNakiss: tags
08:04 LemoNakiss: sdf
08:08 LemoNakiss: set
08:08 LemoNakiss: sdf
08:09 LemoNakiss: ser
08:09 LemoNakiss: sdr
08:20 LemoNakiss: σ
08:21 LemoNakiss: sdf
08:21 LemoNakiss: sdf
08:21 LemoNakiss: sdf
08:21 LemoNakiss: sdf
08:23 LemoNakiss: sdf
08:24 LemoNakiss: sdf
08:24 LemoNakiss: sdf
08:24 LemoNakiss: sfs
08:25 LemoNakiss: sdf
08:33 LemoNakiss: sdf
08:33 LemoNakiss: sdf
08:33 LemoNakiss: sdf
08:34 LemoNakiss: sdf
08:34 LemoNakiss: sdf
08:34 LemoNakiss: sdf
08:35 LemoNakiss: sdf
08:38 LemoNakiss: setr
08:38 LemoNakiss: sdf
08:38 LemoNakiss: sf
08:38 LemoNakiss: sdf
08:39 LemoNakiss: sdf
08:39 LemoNakiss: sdf
08:39 LemoNakiss: sdf
08:39 LemoNakiss: sdf
08:40 LemoNakiss: sdf
08:43 LemoNakiss: σδφ
08:43 LemoNakiss: sdf
08:43 LemoNakiss: sdf
08:43 LemoNakiss: sdf
08:44 LemoNakiss: sdf
08:45 LemoNakiss: σδφ
08:45 LemoNakiss: σδφ
08:45 LemoNakiss: σδφ
08:46 LemoNakiss: sdf
08:46 LemoNakiss: clear
08:46 LemoNakiss: sdf
08:47 LemoNakiss: sdf
08:47 LemoNakiss: s
08:52 LemoNakiss: sdf
08:52 LemoNakiss: sdf
08:54 LemoNakiss: sdf
08:55 LemoNakiss: sdf
08:55 LemoNakiss: sdf
09:05 LemoNakiss: sdf
11:15 LemoNakiss: npc remove
11:17 LemoNakiss: Hello
11:18 LemoNakiss: sdf
11:23 LemoNakiss: sdf
11:23 LemoNakiss: sdf
11:23 LemoNakiss: sdf
12:16 LemoNakiss: sdf
13:05 LemoNakiss: lava
13:09 LemoNakiss: npc remove
14:50 LemoNakiss: 2
14:50 LemoNakiss: 2 days
15:13 LemoNakiss: e
15:13 LemoNakiss: 1
15:13 LemoNakiss: 1 day
15:14 LemoNakiss: 1 day
15:14 LemoNakiss: 1 day
17:59 LemoNakiss: sdf
18:59 LemoNakiss: sdf
19:00 LemoNakiss: sdf
19:00 LemoNakiss: sd
19:00 LemoNakiss: sdf
19:01 LemoNakiss: sdf
19:01 LemoNakiss: sdf
19:01 LemoNakiss: sdf
19:01 LemoNakiss: sdf
19:02 LemoNakiss: sdf
19:03 LemoNakiss: sdf
19:03 LemoNakiss: sdf
19:04 LemoNakiss: sdf
19:04 LemoNakiss: sdf
19:04 LemoNakiss: sdf
19:05 LemoNakiss: sdf
19:05 LemoNakiss: sdf
19:06 LemoNakiss: sdf
19:07 LemoNakiss: sdf
19:08 LemoNakiss: sdf
19:08 LemoNakiss: sdf
19:08 LemoNakiss: sdf
19:17 LemoNakiss: sdf
19:34 LemoNakiss: sdf
19:35 LemoNakiss: sdf
19:36 LemoNakiss: sdf
19:37 LemoNakiss: sdf
19:41 LemoNakiss: tes1
19:42 LemoNakiss: sdf
19:42 LemoNakiss: asdf
19:44 LemoNakiss: sdf
19:45 LemoNakiss: sdf
19:50 LemoNakiss: s
19:50 LemoNakiss: sdf
19:52 LemoNakiss: sdf
19:53 LemoNakiss: sdf
19:58 LemoNakiss: sdf
20:02 LemoNakiss: sdf
20:07 LemoNakiss: sdf
20:10 LemoNakiss: sdf
20:11 LemoNakiss: sdf
20:12 LemoNakiss: sdf
20:13 LemoNakiss: sdf
20:18 LemoNakiss: sdf
20:19 LemoNakiss: tab LemoNakiss
20:19 LemoNakiss: sadf
20:19 LemoNakiss: SDF
