07:27 LemoNakiss: sdf
07:38 LemoNakiss: καλημερα
07:38 LemoNakiss: καλημερα
07:39 LemoNakiss: καλημερα
07:39 LemoNakiss: ɢᴏᴏᴅ ᴍᴏʀɴɪɴɢ
07:39 LemoNakiss: ᴏɴʟɪɴᴇ ᴘʟᴀʏᴇʀѕ :
07:40 LemoNakiss: online players
07:42 LemoNakiss: r
08:07 LemoNakiss: ➤
08:43 LemoNakiss:  placed a sign @ test: x-16, z1
  LemoNakiss
  Cave
08:43 LemoNakiss:  placed a sign @ test: x-16, z3
  ʟᴇᴍᴏɴᴀᴋɪѕѕ
  ᴄᴀᴠᴇ
08:47 LemoNakiss: kits
09:01 LemoNakiss: sdf
09:05 LemoNakiss: sdf
09:08 LemoNakiss: sdf
09:13 LemoNakiss: σδφ
09:13 LemoNakiss: sdf
09:14 LemoNakiss: sdf
09:22 LemoNakiss: sdf
09:22 LemoNakiss: sdf
09:36 LemoNakiss: sdf
09:48 LemoNakiss: rsdf
10:16 LemoNakiss: σδφ
10:19 LemoNakiss: sdf
10:43 LemoNakiss: sd
10:54 LemoNakiss: sdf
10:58 LemoNakiss: rsdf
11:02 LemoNakiss: sdf
11:03 LemoNakiss: sdf
11:03 LemoNakiss: sdf
11:03 LemoNakiss: sdt
11:06 LemoNakiss: sdf
11:14 LemoNakiss: sdf
11:14 LemoNakiss: sdf
11:14 LemoNakiss: sdf
11:19 LemoNakiss: sd
11:19 LemoNakiss: sdf
11:23 LemoNakiss: sd
11:24 LemoNakiss: sdf
11:25 LemoNakiss: sdf
11:29 LemoNakiss: sdf
11:31 LemoNakiss: sdf
11:31 LemoNakiss: sdf
11:32 LemoNakiss: sdf
11:37 LemoNakiss: sdf
18:56 LemoNakiss: sdf
18:57 LemoNakiss: sdf
18:57 LemoNakiss: sdf
18:59 LemoNakiss: sdf
18:59 LemoNakiss: rsadf
19:01 LemoNakiss: sdf
19:02 LemoNakiss: sdf
19:05 LemoNakiss: sdf
19:05 LemoNakiss: tsdf
19:06 LemoNakiss: sdf
19:07 LemoNakiss: sdf
19:09 LemoNakiss: sdf
19:11 LemoNakiss: sdf
19:14 LemoNakiss: σδφ
19:28 LemoNakiss: sdf
19:29 LemoNakiss: sdf
19:33 LemoNakiss: sdf
19:36 LemoNakiss: sdf
19:39 LemoNakiss: sdf
19:39 LemoNakiss: sdf
19:40 LemoNakiss: sdf
19:40 LemoNakiss: sdf
19:45 LemoNakiss: sdf
19:47 LemoNakiss: sdf
19:49 LemoNakiss: sdf
19:53 LemoNakiss: sdf
19:57 LemoNakiss: sdf
19:59 LemoNakiss: sdf
20:01 LemoNakiss: sdf
20:01 LemoNakiss: sdf
