08:26 LemoNakiss: sdf
08:26 LemoNakiss: sdf
08:53 LemoNakiss: sdf
08:53 LemoNakiss: sdf
08:53 LemoNakiss: sdf
08:54 LemoNakiss: deop
08:56 LemoNakiss: sdf
09:19 LemoNakiss: /action 
09:25 LemoNakiss: sdf
09:36 LemoNakiss: clear
10:00 LemoNakiss: head-extended_clip
11:04 LemoNakiss: sdf
11:35 LemoNakiss: sdf
11:48 LemoNakiss: sdf
13:48 LemoNakiss: mv create flatworld normal -t FLAT
14:23 LemoNakiss: s
17:54 LemoNakiss: triggers
17:56 LemoNakiss: clear
17:57 LemoNakiss: exit
17:57 LemoNakiss: triggers
17:57 LemoNakiss: triggers
17:59 LemoNakiss: clear
18:00 LemoNakiss: triggers
18:02 LemoNakiss: exit
18:06 LemoNakiss: speed 0.5
18:07 LemoNakiss: trigger
18:07 LemoNakiss: triggers
18:07 LemoNakiss: triggers
18:08 LemoNakiss: triggers
18:13 LemoNakiss:  placed a sign @ test: x-27, z-21
  d
18:13 LemoNakiss:  placed a sign @ test: x-27, z-25
  sa
