07:18 LemoNakiss: sdf
07:54 LemoNakiss: ssdf
08:10 LemoNakiss: test
08:38 LemoNakiss: sdf
08:39 LemoNakiss: sdf
18:39 LemoNakiss: sdf
19:05 LemoNakiss: SD
19:17 LemoNakiss: sdf
19:19 LemoNakiss: sdf
19:19 LemoNakiss: set
19:20 LemoNakiss: sdf
19:24 LemoNakiss: tsdf
19:42 LemoNakiss: sdf
19:43 LemoNakiss: sdf
19:44 LemoNakiss: sdf
19:48 LemoNakiss: sdf
19:50 LemoNakiss: sdf
19:50 LemoNakiss: sdf
20:12 LemoNakiss: sdf
20:31 LemoNakiss: sdf
20:35 LemoNakiss: sdf
20:47 LemoNakiss: sdf
20:52 LemoNakiss: sdf
20:53 LemoNakiss: st
